2026-09-15 03:37:45,227 INFO run_analysis starting: lat=23.153982 lon=79.934514 radius_km=5.0
2026-09-15 03:37:45,287 INFO osm_roads: starting
2026-09-15 03:39:00,602 INFO osm_roads: completed
2026-09-15 03:39:00,606 INFO osm_railways: starting (background)
2026-09-15 03:39:00,607 INFO sentinel_ndvi: starting
2026-09-15 03:39:26,335 INFO sentinel_ndvi: completed
2026-09-15 03:39:26,340 INFO osm_railways: completed
2026-09-15 03:39:26,340 INFO land_cover: starting
2026-09-15 03:39:28,364 INFO land_cover: completed
2026-09-15 03:39:28,364 INFO land_surface_temperature: starting
2026-09-15 03:39:31,360 INFO land_surface_temperature: completed
2026-09-15 03:39:31,360 INFO air_temperature: starting
2026-09-15 03:39:33,067 INFO air_temperature: completed
2026-09-15 03:39:33,067 INFO terrain: starting
2026-09-15 03:39:36,862 INFO terrain: completed
2026-09-15 03:39:36,862 INFO osm_water: starting (background)
2026-09-15 03:39:36,863 INFO groundwater: starting
2026-09-15 03:39:38,129 INFO groundwater: completed
2026-09-15 03:39:51,948 INFO osm_water: completed
2026-09-15 03:39:51,949 INFO hydrology: starting
2026-09-15 03:40:11,651 INFO hydrology: completed
2026-09-15 03:40:11,651 INFO rainfall: starting
2026-09-15 03:40:14,464 INFO rainfall: completed
2026-09-15 03:40:14,464 INFO nearby_places: starting
2026-09-15 03:40:29,536 INFO nearby_places: completed
2026-09-15 03:40:29,539 INFO admin_context: starting
2026-09-15 03:40:34,589 INFO admin_context: completed
2026-09-15 03:41:13,065 INFO run_analysis completed: run_success=True
