2026-09-15 03:34:05,557 INFO run_analysis starting: lat=22.871037 lon=75.864716 radius_km=5.0
2026-09-15 03:34:05,618 INFO osm_roads: starting
2026-09-15 03:35:20,942 INFO osm_roads: completed
2026-09-15 03:35:20,945 INFO osm_railways: starting (background)
2026-09-15 03:35:20,946 INFO sentinel_ndvi: starting
2026-09-15 03:36:11,835 INFO sentinel_ndvi: completed
2026-09-15 03:36:11,838 INFO osm_railways: completed
2026-09-15 03:36:11,838 INFO land_cover: starting
2026-09-15 03:36:13,622 INFO land_cover: completed
2026-09-15 03:36:13,623 INFO land_surface_temperature: starting
2026-09-15 03:36:18,841 INFO land_surface_temperature: completed
2026-09-15 03:36:18,842 INFO air_temperature: starting
2026-09-15 03:36:20,684 INFO air_temperature: completed
2026-09-15 03:36:20,685 INFO terrain: starting
2026-09-15 03:36:23,714 INFO terrain: completed
2026-09-15 03:36:23,715 INFO osm_water: starting (background)
2026-09-15 03:36:23,716 INFO groundwater: starting
2026-09-15 03:36:24,915 INFO groundwater: completed
2026-09-15 03:36:38,821 INFO osm_water: completed
2026-09-15 03:36:38,822 INFO hydrology: starting
2026-09-15 03:36:59,729 INFO hydrology: completed
2026-09-15 03:36:59,730 INFO rainfall: starting
2026-09-15 03:37:03,004 INFO rainfall: completed
2026-09-15 03:37:03,005 INFO nearby_places: starting
2026-09-15 03:37:18,076 INFO nearby_places: completed
2026-09-15 03:37:18,076 INFO admin_context: starting
2026-09-15 03:37:23,224 INFO admin_context: completed
2026-09-15 03:37:44,711 INFO run_analysis completed: run_success=True
