2026-09-15 03:16:24,092 INFO run_analysis starting: lat=23.0401972 lon=76.2086806 radius_km=5.0
2026-09-15 03:16:24,140 INFO osm_roads: starting
2026-09-15 03:16:24,217 INFO osm_roads: completed
2026-09-15 03:16:24,217 INFO osm_railways: starting (background)
2026-09-15 03:16:24,217 INFO sentinel_ndvi: starting
2026-09-15 03:17:10,925 INFO sentinel_ndvi: completed
2026-09-15 03:17:10,927 INFO osm_railways: completed
2026-09-15 03:17:10,928 INFO land_cover: starting
2026-09-15 03:17:12,538 INFO land_cover: completed
2026-09-15 03:17:12,538 INFO land_surface_temperature: starting
2026-09-15 03:17:15,508 INFO land_surface_temperature: completed
2026-09-15 03:17:15,509 INFO air_temperature: starting
2026-09-15 03:17:17,046 INFO air_temperature: completed
2026-09-15 03:17:17,046 INFO terrain: starting
2026-09-15 03:17:18,291 INFO terrain: completed
2026-09-15 03:17:18,291 INFO osm_water: starting (background)
2026-09-15 03:17:18,291 INFO groundwater: starting
2026-09-15 03:17:19,506 INFO groundwater: completed
2026-09-15 03:17:19,506 INFO osm_water: completed
2026-09-15 03:17:19,506 INFO hydrology: starting
2026-09-15 03:17:38,795 INFO hydrology: completed
2026-09-15 03:17:38,798 INFO rainfall: starting
2026-09-15 03:17:40,685 INFO rainfall: completed
2026-09-15 03:17:40,685 INFO nearby_places: starting
2026-09-15 03:17:40,732 INFO nearby_places: completed
2026-09-15 03:17:40,732 INFO admin_context: starting
2026-09-15 03:17:45,537 INFO admin_context: completed
2026-09-15 03:18:04,675 INFO run_analysis completed: run_success=True
